stuff for the log
